3.22037111791 557 [3.374994329357214, 1.098327265472626]
(4.396582031571245, 0.1707719754981408)
4.97072742268 348 [4.411778372093747, 1.2710784198556964]
(6.364390907634331, 0.38836297069586911)
4.63796497042 381 [2.17466236729824, 0.72730231463845]
(6.355581509461083, 0.38094788202680213)
3.97969036363 500 [2.4075462010126687, 0.5789988644444737]
(5.708109164141568, 0.12067145038156973)
3.92982042019 372 [1.2631421096782411, 0.042552049177777634]
(5.989645833718409, 0.0017413388714929922)
